       24 fpga_top

        +----------Count including submodules.
        | 
    10290 wires
    43549 wire bits
    10290 public wires
    43549 public wire bits
        9 ports
        9 port bits
        - memories
        - memory bits
        - processes
       24 cells
       10   $scopeinfo
       14   SB_MAC16
    22659 submodules
     2044   SB_CARRY
       12   SB_DFF
      989   SB_DFFE
     7248   SB_DFFESR
       18   SB_DFFESS
       44   SB_DFFSR
        3   SB_DFFSS
    12301   SB_LUT4

12.58. Executing CHECK pass (checking for obvious problems).
Checking module fpga_top...
Found and reported 0 problems.

12.59. Executing JSON backend.

13. Printing statistics.

=== fpga_top ===

        +----------Local Count, excluding submodules.
        | 
    10290 wires
    43549 wire bits
    10290 public wires
    43549 public wire bits
        9 ports
        9 port bits
    22683 cells
       10   $scopeinfo
     2044   SB_CARRY
       12   SB_DFF
      989   SB_DFFE
     7248   SB_DFFESR
       18   SB_DFFESS
       44   SB_DFFSR
        3   SB_DFFSS
    12301   SB_LUT4
       14   SB_MAC16

Warnings: 1 unique messages, 1 total
End of script. Logfile hash: 04a922d2b6, time: 42.28s, user: 21.67s, system: 0.56s, MEM: 400.03 MB peak
Yosys 0.69+post (git sha1 143eb14f9cc55d6f8927e68523b0c9d2166ed02c, Release, AppleClang clang++ 21.0.0.21000101)
Time spent: 46% 1x abc9_exe (19 sec), 12% 95x opt_expr (5 sec), ...
