Info: constrained 'clk' to bel 'X12/Y31/io1'
Info: constrained 'btn_rst_n' to bel 'X16/Y0/io0'
Info: constrained 'sck' to bel 'X9/Y0/io0'
Info: constrained 'mosi' to bel 'X8/Y0/io0'
Info: constrained 'cs_n' to bel 'X6/Y0/io0'
Info: constrained 'miso' to bel 'X7/Y0/io1'
Info: constrained 'bclk' to bel 'X9/Y31/io0'
Info: constrained 'lrclk' to bel 'X8/Y31/io1'
Info: constrained 'sdata' to bel 'X13/Y31/io1'

Info: Packing constants..
Info: Packing IOs..
Info: Packing LUT-FFs..
Info:     11178 LCs used as LUT4 only
Info:     1123 LCs used as LUT4 and DFF
Info: Packing non-LUT FFs..
Info:     7191 LCs used as DFF only
Info: Packing carries..
Info:      697 LCs used as CARRY only
Info: Packing indirect carry+LUT pairs...
Info:       51 LUTs merged into carry LCs
Info: Packing RAMs..
Info: Placing PLLs..
Info: Packing special functions..
Info: Packing PLLs..
Info: Promoting globals..
Info: promoting clk$SB_IO_IN (fanout 8314)
Info: promoting u_synth.drum_done_SB_LUT4_I1_O[0] [reset] (fanout 1202)
Info: promoting bclk_SB_LUT4_I2_O_SB_LUT4_I3_O_SB_LUT4_I3_O[0] [reset] (fanout 611)
Info: promoting $PACKER_VCC_NET [reset] (fanout 252)
Info: promoting u_synth.rst_n_SB_LUT4_I3_O [reset] (fanout 203)
Info: promoting bclk_SB_LUT4_I2_O_SB_LUT4_I3_O_SB_LUT4_I3_O_SB_LUT4_I3_O[2] [cen] (fanout 229)
Info: promoting $PACKER_GND_NET [cen] (fanout 211)
Info: promoting u_synth.u_drums.bank.y1[0]_SB_DFFESR_Q_E [cen] (fanout 98)
Info: Constraining chains...
Info:      106 LCs used to legalise carry chains.
Info: Checksum: 0xce0e99c8

Info: Device utilisation:
Info: 	         ICESTORM_LC:   20252/   5280   383%
Info: 	        ICESTORM_RAM:       0/     30     0%
Info: 	               SB_IO:       9/     39    23%
Info: 	               SB_GB:       8/      8   100%
Info: 	        ICESTORM_PLL:       0/      1     0%
Info: 	         SB_WARMBOOT:       0/      1     0%
Info: 	        ICESTORM_DSP:      14/      8   175%
Info: 	      ICESTORM_HFOSC:       0/      1     0%
Info: 	      ICESTORM_LFOSC:       0/      1     0%
Info: 	              SB_I2C:       0/      2     0%
Info: 	              SB_SPI:       0/      2     0%
Info: 	              IO_I3C:       0/      2     0%
Info: 	         SB_LEDDA_IP:       0/      1     0%
Info: 	         SB_RGBA_DRV:       0/      1     0%
Info: 	      ICESTORM_SPRAM:       0/      4     0%

Info: Placed 9 cells based on constraints.
ERROR: Unable to place cell 'u_synth.u_voice.mb_SB_MAC16_B_DSP', no BELs remaining to implement cell type 'ICESTORM_DSP'
0 warnings, 1 error
