stage: after   drums_fx 4a0177412ff464a3   constants {'TOM_DROP_ACCENT_0': 0.67, 'TOM_DROP_ACCENT_0_CONGA': 1.064, 'TOM_DROP_MS': 60.0, 'TOM_DROP_RATIO': 1.06, 'TOM_DROP_STEPS': 6, 'TOM_DROP_TUNING_G': 3.58, 'TOM_DROP_TUNING_G_CONGA': 7.46, 'TOM_DROP_TUNING_SPAN': 0.1}
resample control: x1.06 -> x1.0600 (0.01 %), x1.24 -> x1.2399 (0.06 %), x1.7 -> x1.6984 (0.23 %)

voice lvl tun  acc   ref f0   REF x  OURS x      err  ours/ref  traj rms
LT    A     6      -- the reference row refuses; nothing to compare against
LT    B     6  1.4    89.45  1.1320  1.1366  +0.0046      1.04    0.0142
LT    C     6  2.0    89.39  1.2216  1.2348  +0.0132      1.06    0.0358
LT    C     1  2.0    82.39  1.1689  1.1981  +0.0291      1.17    0.0226
LT    C    11  2.0   100.91  1.3249  1.3676  +0.0427      1.13    0.0752
MT    A     6  1.0   141.08  1.0436  1.0758  +0.0322      1.74    0.0105
MT    B     6  1.4   141.13  1.1251  1.1632  +0.0381      1.30    0.0087
MT    C     6  2.0   140.98  1.2217  1.2864  +0.0647      1.29    0.0170
MT    C     1  2.0   130.48  1.1738  1.2257  +0.0519      1.30    0.0109
MT    C    11  2.0   158.46  1.3442  1.3537  +0.0094      1.03    0.0446
HT    A     6  1.0   191.55  1.0633  1.0700  +0.0067      1.11    0.0115
HT    B     6  1.4   191.37  1.1515  1.1514  -0.0001      1.00    0.0086
HT    C     6  2.0   191.75  1.2615  1.2783  +0.0168      1.06    0.0164
HT    C     1  2.0   177.10  1.2027  1.2095  +0.0069      1.03    0.0107
HT    C    11  2.0   215.14  1.3324  1.3369  +0.0045      1.01    0.0283
LC    A     6  1.0   205.08  1.0044  1.0000  -0.0043      0.01    0.0007
LC    B     6  1.4   204.56  1.0612  1.1294  +0.0682      2.11    0.0097
MC    A     6  1.0   295.47  1.0029  1.0000  -0.0029      0.01    0.0013
MC    B     6  1.4   294.92  1.0643  1.0881  +0.0238      1.37    0.0080
HC    A     6  1.0   414.48  1.0047  0.9999  -0.0048     -0.02    0.0015
HC    B     6  1.4   412.81  1.0586  1.0741  +0.0155      1.26    0.0068

against the machine, over 20 rows: bias +0.0208, rms 0.0302, worst 0.0682 (Conga Low B 808 06.wav)
wrote docs/tom-pitch-drop-after.json
